// Jest Snapshot v1, https://goo.gl/fbAQLP

exports[`expect to render LayoutComponent 1`] = `ShallowWrapper {}`;
